c:\users\somis\downloads\valuestreammodeling_math-master1\valuestreammodeling_math-master\dll2\release\vc145.pdb
c:\users\somis\downloads\valuestreammodeling_math-master1\valuestreammodeling_math-master\dll2\release\class_part.obj
c:\users\somis\downloads\valuestreammodeling_math-master1\valuestreammodeling_math-master\dll2\release\class_oper.obj
c:\users\somis\downloads\valuestreammodeling_math-master1\valuestreammodeling_math-master\dll2\release\class_model.obj
c:\users\somis\downloads\valuestreammodeling_math-master1\valuestreammodeling_math-master\dll2\release\class_lab.obj
c:\users\somis\downloads\valuestreammodeling_math-master1\valuestreammodeling_math-master\dll2\release\class_ibom.obj
c:\users\somis\downloads\valuestreammodeling_math-master1\valuestreammodeling_math-master\dll2\release\class_eq.obj
c:\users\somis\downloads\valuestreammodeling_math-master1\valuestreammodeling_math-master\dll2\release\calc9.obj
c:\users\somis\downloads\valuestreammodeling_math-master1\valuestreammodeling_math-master\dll2\release\calc8.obj
c:\users\somis\downloads\valuestreammodeling_math-master1\valuestreammodeling_math-master\dll2\release\calc7.obj
c:\users\somis\downloads\valuestreammodeling_math-master1\valuestreammodeling_math-master\dll2\release\calc6.obj
c:\users\somis\downloads\valuestreammodeling_math-master1\valuestreammodeling_math-master\dll2\release\calc5.obj
c:\users\somis\downloads\valuestreammodeling_math-master1\valuestreammodeling_math-master\dll2\release\calc4.obj
c:\users\somis\downloads\valuestreammodeling_math-master1\valuestreammodeling_math-master\dll2\release\calc3.obj
c:\users\somis\downloads\valuestreammodeling_math-master1\valuestreammodeling_math-master\dll2\release\calc2.obj
c:\users\somis\downloads\valuestreammodeling_math-master1\valuestreammodeling_math-master\dll2\release\calc12.obj
c:\users\somis\downloads\valuestreammodeling_math-master1\valuestreammodeling_math-master\dll2\release\calc11.obj
c:\users\somis\downloads\valuestreammodeling_math-master1\valuestreammodeling_math-master\dll2\release\calc1.obj
c:\users\somis\downloads\valuestreammodeling_math-master1\valuestreammodeling_math-master\dll2\release\calc.obj
c:\users\somis\downloads\valuestreammodeling_math-master1\valuestreammodeling_math-master\dll2\release\brent.obj
c:\users\somis\downloads\valuestreammodeling_math-master1\valuestreammodeling_math-master\dll2\release\brack2.obj
c:\users\somis\downloads\valuestreammodeling_math-master1\valuestreammodeling_math-master\dll2\release\wused.obj
c:\users\somis\downloads\valuestreammodeling_math-master1\valuestreammodeling_math-master\dll2\release\oplst.obj
c:\users\somis\downloads\valuestreammodeling_math-master1\valuestreammodeling_math-master\dll2\release\mp_demd.obj
c:\users\somis\downloads\valuestreammodeling_math-master1\valuestreammodeling_math-master\dll2\release\io_code.obj
c:\users\somis\downloads\valuestreammodeling_math-master1\valuestreammodeling_math-master\dll2\release\f1dim.obj
c:\users\somis\downloads\valuestreammodeling_math-master1\valuestreammodeling_math-master\dll2\release\data1.obj
c:\users\somis\downloads\valuestreammodeling_math-master1\valuestreammodeling_math-master\dll2\release\class_route.obj
c:\users\somis\downloads\valuestreammodeling_math-master1\valuestreammodeling_math-master\dll2\release\dll2.tlog\cl.command.1.tlog
c:\users\somis\downloads\valuestreammodeling_math-master1\valuestreammodeling_math-master\dll2\release\dll2.tlog\cl.read.1.tlog
c:\users\somis\downloads\valuestreammodeling_math-master1\valuestreammodeling_math-master\dll2\release\dll2.tlog\cl.write.1.tlog
