c:\users\somis\downloads\valuestreammodeling_math-master1\valuestreammodeling_math-master\dll2\x64\debug\vc145.pdb
c:\users\somis\downloads\valuestreammodeling_math-master1\valuestreammodeling_math-master\dll2\x64\debug\class_part.obj
c:\users\somis\downloads\valuestreammodeling_math-master1\valuestreammodeling_math-master\dll2\x64\debug\class_oper.obj
c:\users\somis\downloads\valuestreammodeling_math-master1\valuestreammodeling_math-master\dll2\x64\debug\class_model.obj
c:\users\somis\downloads\valuestreammodeling_math-master1\valuestreammodeling_math-master\dll2\x64\debug\class_lab.obj
c:\users\somis\downloads\valuestreammodeling_math-master1\valuestreammodeling_math-master\dll2\x64\debug\class_ibom.obj
c:\users\somis\downloads\valuestreammodeling_math-master1\valuestreammodeling_math-master\dll2\x64\debug\class_eq.obj
c:\users\somis\downloads\valuestreammodeling_math-master1\valuestreammodeling_math-master\dll2\x64\debug\calc9.obj
c:\users\somis\downloads\valuestreammodeling_math-master1\valuestreammodeling_math-master\dll2\x64\debug\calc8.obj
c:\users\somis\downloads\valuestreammodeling_math-master1\valuestreammodeling_math-master\dll2\x64\debug\calc7.obj
c:\users\somis\downloads\valuestreammodeling_math-master1\valuestreammodeling_math-master\dll2\x64\debug\calc6.obj
c:\users\somis\downloads\valuestreammodeling_math-master1\valuestreammodeling_math-master\dll2\x64\debug\calc5.obj
c:\users\somis\downloads\valuestreammodeling_math-master1\valuestreammodeling_math-master\dll2\x64\debug\calc4.obj
c:\users\somis\downloads\valuestreammodeling_math-master1\valuestreammodeling_math-master\dll2\x64\debug\calc3.obj
c:\users\somis\downloads\valuestreammodeling_math-master1\valuestreammodeling_math-master\dll2\x64\debug\calc2.obj
c:\users\somis\downloads\valuestreammodeling_math-master1\valuestreammodeling_math-master\dll2\x64\debug\calc12.obj
c:\users\somis\downloads\valuestreammodeling_math-master1\valuestreammodeling_math-master\dll2\x64\debug\calc11.obj
c:\users\somis\downloads\valuestreammodeling_math-master1\valuestreammodeling_math-master\dll2\x64\debug\calc1.obj
c:\users\somis\downloads\valuestreammodeling_math-master1\valuestreammodeling_math-master\dll2\x64\debug\calc.obj
c:\users\somis\downloads\valuestreammodeling_math-master1\valuestreammodeling_math-master\dll2\x64\debug\brent.obj
c:\users\somis\downloads\valuestreammodeling_math-master1\valuestreammodeling_math-master\dll2\x64\debug\brack2.obj
c:\users\somis\downloads\valuestreammodeling_math-master1\valuestreammodeling_math-master\dll2\x64\debug\wused.obj
c:\users\somis\downloads\valuestreammodeling_math-master1\valuestreammodeling_math-master\dll2\x64\debug\oplst.obj
c:\users\somis\downloads\valuestreammodeling_math-master1\valuestreammodeling_math-master\dll2\x64\debug\mp_demd.obj
c:\users\somis\downloads\valuestreammodeling_math-master1\valuestreammodeling_math-master\dll2\x64\debug\io_code.obj
c:\users\somis\downloads\valuestreammodeling_math-master1\valuestreammodeling_math-master\dll2\x64\debug\f1dim.obj
c:\users\somis\downloads\valuestreammodeling_math-master1\valuestreammodeling_math-master\dll2\x64\debug\dll2.obj
c:\users\somis\downloads\valuestreammodeling_math-master1\valuestreammodeling_math-master\dll2\x64\debug\data1.obj
c:\users\somis\downloads\valuestreammodeling_math-master1\valuestreammodeling_math-master\dll2\x64\debug\class_route.obj
c:\users\somis\downloads\valuestreammodeling_math-master1\valuestreammodeling_math-master\x64\debug\dll2.dll
c:\users\somis\downloads\valuestreammodeling_math-master1\valuestreammodeling_math-master\x64\debug\dll2.pdb
c:\users\somis\downloads\valuestreammodeling_math-master1\valuestreammodeling_math-master\dll2\x64\debug\dll2.res
c:\users\somis\downloads\valuestreammodeling_math-master1\valuestreammodeling_math-master\x64\debug\dll2.lib
c:\users\somis\downloads\valuestreammodeling_math-master1\valuestreammodeling_math-master\x64\debug\dll2.exp
c:\users\somis\downloads\valuestreammodeling_math-master1\valuestreammodeling_math-master\dll2\x64\debug\dll2.tlog\cl.command.1.tlog
c:\users\somis\downloads\valuestreammodeling_math-master1\valuestreammodeling_math-master\dll2\x64\debug\dll2.tlog\cl.items.tlog
c:\users\somis\downloads\valuestreammodeling_math-master1\valuestreammodeling_math-master\dll2\x64\debug\dll2.tlog\cl.read.1.tlog
c:\users\somis\downloads\valuestreammodeling_math-master1\valuestreammodeling_math-master\dll2\x64\debug\dll2.tlog\cl.write.1.tlog
c:\users\somis\downloads\valuestreammodeling_math-master1\valuestreammodeling_math-master\dll2\x64\debug\dll2.tlog\link.command.1.tlog
c:\users\somis\downloads\valuestreammodeling_math-master1\valuestreammodeling_math-master\dll2\x64\debug\dll2.tlog\link.read.1.tlog
c:\users\somis\downloads\valuestreammodeling_math-master1\valuestreammodeling_math-master\dll2\x64\debug\dll2.tlog\link.secondary.1.tlog
c:\users\somis\downloads\valuestreammodeling_math-master1\valuestreammodeling_math-master\dll2\x64\debug\dll2.tlog\link.write.1.tlog
c:\users\somis\downloads\valuestreammodeling_math-master1\valuestreammodeling_math-master\dll2\x64\debug\dll2.tlog\rc.command.1.tlog
c:\users\somis\downloads\valuestreammodeling_math-master1\valuestreammodeling_math-master\dll2\x64\debug\dll2.tlog\rc.read.1.tlog
c:\users\somis\downloads\valuestreammodeling_math-master1\valuestreammodeling_math-master\dll2\x64\debug\dll2.tlog\rc.write.1.tlog
